[    0.000000] Initializing cgroup subsys cpuset
[    0.000000] Initializing cgroup subsys cpu
[    0.000000] Initializing cgroup subsys cpuacct
[    0.000000] Linux version 4.4.0-141-generic (buildd@lcy01-amd64-027) (gcc version 5.4.0 20160609 (Ubuntu 5.4.0-6ubuntu1~16.04.10) ) #167-Ubuntu SMP Wed Dec 5 10:38:08 UTC 2018 (Ubuntu 4.4.0-141.167-generic 4.4.162)
[    0.000000] KERNEL supported cpus:
[    0.000000]   Intel GenuineIntel
[    0.000000]   AMD AuthenticAMD
[    0.000000]   NSC Geode by NSC
[    0.000000]   Cyrix CyrixInstead
[    0.000000]   Centaur CentaurHauls
[    0.000000]   Transmeta GenuineTMx86
[    0.000000]   Transmeta TransmetaCPU
[    0.000000]   UMC UMC UMC UMC
[    0.000000] x86/fpu: xstate_offset[2]:  576, xstate_sizes[2]:  256
[    0.000000] x86/fpu: Supporting XSAVE feature 0x01: 'x87 floating point registers'
[    0.000000] x86/fpu: Supporting XSAVE feature 0x02: 'SSE registers'
[    0.000000] x86/fpu: Supporting XSAVE feature 0x04: 'AVX registers'
[    0.000000] x86/fpu: Enabled xstate features 0x7, context size is 832 bytes, using 'standard' format.
[    0.000000] e820: BIOS-provided physical RAM map:
[    0.000000] BIOS-e820: [mem 0x0000000000000000-0x000000000009fbff] usable
[    0.000000] BIOS-e820: [mem 0x000000000009fc00-0x000000000009ffff] reserved
[    0.000000] BIOS-e820: [mem 0x00000000000f0000-0x00000000000fffff] reserved
[    0.000000] BIOS-e820: [mem 0x0000000000100000-0x000000003ffeffff] usable
[    0.000000] BIOS-e820: [mem 0x000000003fff0000-0x000000003fffffff] ACPI data
[    0.000000] BIOS-e820: [mem 0x00000000fec00000-0x00000000fec00fff] reserved
[    0.000000] BIOS-e820: [mem 0x00000000fee00000-0x00000000fee00fff] reserved
[    0.000000] BIOS-e820: [mem 0x00000000fffc0000-0x00000000ffffffff] reserved
[    0.000000] NX (Execute Disable) protection: active
[    0.000000] SMBIOS 2.5 present.
[    0.000000] Hypervisor detected: KVM
[    0.000000] e820: last_pfn = 0x3fff0 max_arch_pfn = 0x1000000
[    0.000000] MTRR: Disabled
[    0.000000] x86/PAT: MTRRs disabled, skipping PAT initialization too.
[    0.000000] CPU MTRRs all blank - virtualized system.
[    0.000000] x86/PAT: Configuration [0-7]: WB  WT  UC- UC  WB  WT  UC- UC  
[    0.000000] found SMP MP-table at [mem 0x0009fff0-0x0009ffff] mapped at [c009fff0]
[    0.000000] Scanning 1 areas for low memory corruption
[    0.000000] RAMDISK: [mem 0x363d2000-0x371e0fff]
[    0.000000] ACPI: Early table checksum verification disabled
[    0.000000] ACPI: RSDP 0x00000000000E0000 000024 (v02 VBOX  )
[    0.000000] ACPI: XSDT 0x000000003FFF0030 00003C (v01 VBOX   VBOXXSDT 00000001 ASL  00000061)
[    0.000000] ACPI: FACP 0x000000003FFF00F0 0000F4 (v04 VBOX   VBOXFACP 00000001 ASL  00000061)
[    0.000000] ACPI: DSDT 0x000000003FFF0470 0021FF (v02 VBOX   VBOXBIOS 00000002 INTL 20100528)
[    0.000000] ACPI: FACS 0x000000003FFF0200 000040
[    0.000000] ACPI: FACS 0x000000003FFF0200 000040
[    0.000000] ACPI: APIC 0x000000003FFF0240 000054 (v02 VBOX   VBOXAPIC 00000001 ASL  00000061)
[    0.000000] ACPI: SSDT 0x000000003FFF02A0 0001CC (v01 VBOX   VBOXCPUT 00000002 INTL 20100528)
[    0.000000] 131MB HIGHMEM available.
[    0.000000] 891MB LOWMEM available.
[    0.000000]   mapped low ram: 0 - 37bfe000
[    0.000000]   low ram: 0 - 37bfe000
[    0.000000] kvm-clock: Using msrs 4b564d01 and 4b564d00
[    0.000000] kvm-clock: cpu 0, msr 0:37bfd001, primary cpu clock
[    0.000000] kvm-clock: using sched offset of 4878230816 cycles
[    0.000000] clocksource: kvm-clock: mask: 0xffffffffffffffff max_cycles: 0x1cd42e4dffb, max_idle_ns: 881590591483 ns
[    0.000000] Zone ranges:
[    0.000000]   DMA      [mem 0x0000000000001000-0x0000000000ffffff]
[    0.000000]   Normal   [mem 0x0000000001000000-0x0000000037bfdfff]
[    0.000000]   HighMem  [mem 0x0000000037bfe000-0x000000003ffeffff]
[    0.000000] Movable zone start for each node
[    0.000000] Early memory node ranges
[    0.000000]   node   0: [mem 0x0000000000001000-0x000000000009efff]
[    0.000000]   node   0: [mem 0x0000000000100000-0x000000003ffeffff]
[    0.000000] Initmem setup node 0 [mem 0x0000000000001000-0x000000003ffeffff]
[    0.000000] Using APIC driver default
[    0.000000] ACPI: PM-Timer IO Port: 0x4008
[    0.000000] IOAPIC[0]: apic_id 1, version 32, address 0xfec00000, GSI 0-23
[    0.000000] ACPI: INT_SRC_OVR (bus 0 bus_irq 0 global_irq 2 dfl dfl)
[    0.000000] ACPI: INT_SRC_OVR (bus 0 bus_irq 9 global_irq 9 low level)
[    0.000000] Using ACPI (MADT) for SMP configuration information
[    0.000000] smpboot: Allowing 1 CPUs, 0 hotplug CPUs
[    0.000000] PM: Registered nosave memory: [mem 0x00000000-0x00000fff]
[    0.000000] PM: Registered nosave memory: [mem 0x0009f000-0x0009ffff]
[    0.000000] PM: Registered nosave memory: [mem 0x000a0000-0x000effff]
[    0.000000] PM: Registered nosave memory: [mem 0x000f0000-0x000fffff]
[    0.000000] e820: [mem 0x40000000-0xfebfffff] available for PCI devices
[    0.000000] Booting paravirtualized kernel on KVM
[    0.000000] clocksource: refined-jiffies: mask: 0xffffffff max_cycles: 0xffffffff, max_idle_ns: 7645519600211568 ns
[    0.000000] setup_percpu: NR_CPUS:8 nr_cpumask_bits:8 nr_cpu_ids:1 nr_node_ids:1
[    0.000000] PERCPU: Embedded 19 pages/cpu @f63b3000 s47436 r0 d30388 u77824
[    0.000000] PV qspinlock hash table entries: 512 (order: 0, 4096 bytes)
[    0.000000] Built 1 zonelists in Zone order, mobility grouping on.  Total pages: 259800
[    0.000000] Kernel command line: BOOT_IMAGE=/boot/vmlinuz-4.4.0-141-generic root=LABEL=cloudimg-rootfs ro console=tty1 console=ttyS0
[    0.000000] PID hash table entries: 4096 (order: 2, 16384 bytes)
[    0.000000] Dentry cache hash table entries: 131072 (order: 7, 524288 bytes)
[    0.000000] Inode-cache hash table entries: 65536 (order: 6, 262144 bytes)
[    0.000000] Initializing CPU#0
[    0.000000] Initializing HighMem for node 0 (00037bfe:0003fff0)
[    0.000000] Initializing Movable for node 0 (00000000:00000000)
[    0.000000] Memory: 1008484K/1048120K available (8052K kernel code, 778K rwdata, 3180K rodata, 952K init, 800K bss, 39636K reserved, 0K cma-reserved, 135112K highmem)
[    0.000000] virtual kernel memory layout:
[    0.000000]     fixmap  : 0xfff15000 - 0xfffff000   ( 936 kB)
[    0.000000]     pkmap   : 0xffc00000 - 0xffe00000   (2048 kB)
[    0.000000]     vmalloc : 0xf83fe000 - 0xffbfe000   ( 120 MB)
[    0.000000]     lowmem  : 0xc0000000 - 0xf7bfe000   ( 891 MB)
[    0.000000]       .init : 0xc1bbe000 - 0xc1cac000   ( 952 kB)
[    0.000000]       .data : 0xc17dd3c4 - 0xc1bbc9c0   (3965 kB)
[    0.000000]       .text : 0xc1000000 - 0xc17dd3c4   (8052 kB)
[    0.000000] Checking if this processor honours the WP bit even in supervisor mode...Ok.
[    0.000000] SLUB: HWalign=64, Order=0-3, MinObjects=0, CPUs=1, Nodes=1
[    0.000000] Hierarchical RCU implementation.
[    0.000000] 	Build-time adjustment of leaf fanout to 32.
[    0.000000] 	RCU restricting CPUs from NR_CPUS=8 to nr_cpu_ids=1.
[    0.000000] RCU: Adjusting geometry for rcu_fanout_leaf=32, nr_cpu_ids=1
[    0.000000] NR_IRQS:2304 nr_irqs:256 16
[    0.000000] Console: colour VGA+ 80x25
[    0.000000] console [tty1] enabled
[    0.000000] console [ttyS0] enabled
[    0.000000] allocated 1048576 bytes of page_ext
[    0.000000] tsc: Detected 1800.002 MHz processor
[    1.416761] Calibrating delay loop (skipped) preset value.. 3600.00 BogoMIPS (lpj=7200008)
[    1.524481] pid_max: default: 32768 minimum: 301
[    1.554303] ACPI: Core revision 20150930
[    1.564860] ACPI: 2 ACPI AML tables successfully acquired and loaded
[    1.598662] Security Framework initialized
[    1.642135] Yama: becoming mindful.
[    1.694846] AppArmor: AppArmor initialized
[    1.711666] Mount-cache hash table entries: 2048 (order: 1, 8192 bytes)
[    1.713154] Mountpoint-cache hash table entries: 2048 (order: 1, 8192 bytes)
[    1.724460] Initializing cgroup subsys io
[    1.796135] Initializing cgroup subsys memory
[    1.845453] Initializing cgroup subsys devices
[    1.890933] Initializing cgroup subsys freezer
[    1.892795] Initializing cgroup subsys net_cls
[    1.894177] Initializing cgroup subsys perf_event
[    1.895818] Initializing cgroup subsys net_prio
[    1.903198] Initializing cgroup subsys hugetlb
[    1.904405] Initializing cgroup subsys pids
[    1.910840] mce: CPU supports 0 MCE banks
[    1.927690] process: using mwait in idle threads
[    1.937114] Last level iTLB entries: 4KB 64, 2MB 8, 4MB 8
[    2.024198] Last level dTLB entries: 4KB 64, 2MB 0, 4MB 0, 1GB 4
[    2.092653] Spectre V2 : Mitigation: Full generic retpoline
[    2.095070] Spectre V2 : Spectre v2 mitigation: Speculation control IBPB not-supported IBRS not-supported
[    2.098670] Spectre V2 : Spectre v2 / SpectreRSB mitigation: Filling RSB on context switch
[    2.102945] Speculative Store Bypass: Vulnerable
[    2.142665] Freeing SMP alternatives memory: 32K
[    2.190721] ftrace: allocating 31566 entries in 62 pages
[    2.295253] smpboot: APIC(0) Converting physical 0 to logical package 0
[    2.301747] smpboot: Max logical packages: 1
[    2.303160] Enabling APIC mode:  Flat.  Using 1 I/O APICs
[    2.306874] ..TIMER: vector=0x30 apic1=0 pin1=2 apic2=-1 pin2=-1
[    2.414344] smpboot: CPU0: Intel(R) Core(TM) i5-8250U CPU @ 1.60GHz (family: 0x6, model: 0x8e, stepping: 0xa)
[    2.447954] Performance Events: unsupported p6 CPU model 142 no PMU driver, software events only.
[    2.450956] KVM setup paravirtual spinlock
[    2.453651] x86: Booted up 1 node, 1 CPUs
[    2.455020] smpboot: Total of 1 processors activated (3600.00 BogoMIPS)
[    2.458495] devtmpfs: initialized
[    2.462529] evm: security.selinux
[    2.463591] evm: security.SMACK64
[    2.464508] evm: security.SMACK64EXEC
[    2.465654] evm: security.SMACK64TRANSMUTE
[    2.466901] evm: security.SMACK64MMAP
[    2.468061] evm: security.ima
[    2.469085] evm: security.capability
[    2.470812] clocksource: jiffies: mask: 0xffffffff max_cycles: 0xffffffff, max_idle_ns: 7645041785100000 ns
[    2.474331] futex hash table entries: 256 (order: 2, 16384 bytes)
[    2.477169] pinctrl core: initialized pinctrl subsystem
[    2.478773] RTC time: 22:36:31, date: 01/02/19
[    2.480301] NET: Registered protocol family 16
[    2.481957] EISA bus registered
[    2.483047] cpuidle: using governor ladder
[    2.484230] cpuidle: using governor menu
[    2.485578] PCCT header not found.
[    2.486893] ACPI: bus type PCI registered
[    2.488345] acpiphp: ACPI Hot Plug PCI Controller Driver version: 0.5
[    2.491070] PCI : PCI BIOS area is rw and x. Use pci=nobios if you want it NX.
[    2.493898] PCI: PCI BIOS revision 2.10 entry at 0xfda26, last bus=0
[    2.496347] PCI: Using configuration type 1 for base access
[    2.501471] ACPI: Added _OSI(Module Device)
[    2.502842] ACPI: Added _OSI(Processor Device)
[    2.504303] ACPI: Added _OSI(3.0 _SCP Extensions)
[    2.505945] ACPI: Added _OSI(Processor Aggregator Device)
[    2.509586] ACPI: Executed 1 blocks of module-level executable AML code
[    2.514229] ACPI: Interpreter enabled
[    2.515519] ACPI: (supports S0 S5)
[    2.516571] ACPI: Using IOAPIC for interrupt routing
[    2.524813] PCI: Using host bridge windows from ACPI; if necessary, use "pci=nocrs" and report a bug
[    2.546433] ACPI: PCI Root Bridge [PCI0] (domain 0000 [bus 00-ff])
[    2.547944] acpi PNP0A03:00: _OSC: OS supports [ASPM ClockPM Segments MSI]
[    2.549527] acpi PNP0A03:00: _OSC: not requesting OS control; OS requires [ExtendedConfig ASPM ClockPM MSI]
[    2.551905] acpi PNP0A03:00: fail to add MMCONFIG information, can't access extended PCI configuration space under this bridge.
[    2.555467] PCI host bridge to bus 0000:00
[    2.557492] pci_bus 0000:00: root bus resource [io  0x0000-0x0cf7 window]
[    2.559671] pci_bus 0000:00: root bus resource [io  0x0d00-0xffff window]
[    2.561678] pci_bus 0000:00: root bus resource [mem 0x000a0000-0x000bffff window]
[    2.564439] pci_bus 0000:00: root bus resource [mem 0x40000000-0xfdffffff window]
[    2.567130] pci_bus 0000:00: root bus resource [bus 00-ff]
[    2.571695] pci 0000:00:01.1: legacy IDE quirk: reg 0x10: [io  0x01f0-0x01f7]
[    2.574139] pci 0000:00:01.1: legacy IDE quirk: reg 0x14: [io  0x03f6]
[    2.577138] pci 0000:00:01.1: legacy IDE quirk: reg 0x18: [io  0x0170-0x0177]
[    2.579054] pci 0000:00:01.1: legacy IDE quirk: reg 0x1c: [io  0x0376]
[    2.604595] pci 0000:00:07.0: quirk: [io  0x4000-0x403f] claimed by PIIX4 ACPI
[    2.607480] pci 0000:00:07.0: quirk: [io  0x4100-0x410f] claimed by PIIX4 SMB
[    2.623718] ACPI: PCI Interrupt Link [LNKA] (IRQs 5 9 10 *11)
[    2.626033] ACPI: PCI Interrupt Link [LNKB] (IRQs 5 9 *10 11)
[    2.628159] ACPI: PCI Interrupt Link [LNKC] (IRQs 5 *9 10 11)
[    2.630423] ACPI: PCI Interrupt Link [LNKD] (IRQs 5 9 10 *11)
[    2.633116] ACPI: Enabled 2 GPEs in block 00 to 07
[    2.635198] vgaarb: setting as boot device: PCI:0000:00:02.0
[    2.637102] vgaarb: device added: PCI:0000:00:02.0,decodes=io+mem,owns=io+mem,locks=none
[    2.640010] vgaarb: loaded
[    2.641224] vgaarb: bridge control possible 0000:00:02.0
[    2.643925] SCSI subsystem initialized
[    2.645044] ACPI: bus type USB registered
[    2.646229] usbcore: registered new interface driver usbfs
[    2.647837] usbcore: registered new interface driver hub
[    2.649324] usbcore: registered new device driver usb
[    2.650957] PCI: Using ACPI for IRQ routing
[    2.652553] NetLabel: Initializing
[    2.653600] NetLabel:  domain hash size = 128
[    2.655050] NetLabel:  protocols = UNLABELED CIPSOv4
[    2.659415] NetLabel:  unlabeled traffic allowed by default
[    2.661832] amd_nb: Cannot enumerate AMD northbridges
[    2.663395] clocksource: Switched to clocksource kvm-clock
[    2.679546] AppArmor: AppArmor Filesystem Enabled
[    2.681206] pnp: PnP ACPI init
[    2.683257] pnp: PnP ACPI: found 3 devices
[    2.684680] PnPBIOS: Disabled by ACPI PNP
[    2.722547] clocksource: acpi_pm: mask: 0xffffff max_cycles: 0xffffff, max_idle_ns: 2085701024 ns
[    2.728443] NET: Registered protocol family 2
[    2.730064] TCP established hash table entries: 8192 (order: 3, 32768 bytes)
[    2.732388] TCP bind hash table entries: 8192 (order: 4, 65536 bytes)
[    2.734354] TCP: Hash tables configured (established 8192 bind 8192)
[    2.736626] UDP hash table entries: 512 (order: 2, 16384 bytes)
[    2.738678] UDP-Lite hash table entries: 512 (order: 2, 16384 bytes)
[    2.750400] NET: Registered protocol family 1
[    2.751740] pci 0000:00:00.0: Limiting direct PCI/PCI transfers
[    2.753408] pci 0000:00:01.0: Activating ISA DMA hang workarounds
[    2.755603] Unpacking initramfs...
[    3.255751] Freeing initrd memory: 14396K
[    3.258564] platform rtc_cmos: registered platform RTC device (no PNP device found)
[    3.262735] Scanning for low memory corruption every 60 seconds
[    3.265037] audit: initializing netlink subsys (disabled)
[    3.266603] audit: type=2000 audit(1546468596.369:1): initialized
[    3.268646] Initialise system trusted keyring
[    3.270006] HugeTLB registered 2 MB page size, pre-allocated 0 pages
[    3.273412] zbud: loaded
[    3.284940] VFS: Disk quotas dquot_6.6.0
[    3.286386] VFS: Dquot-cache hash table entries: 1024 (order 0, 4096 bytes)
[    3.288555] squashfs: version 4.0 (2009/01/31) Phillip Lougher
[    3.290797] fuse init (API version 7.23)
[    3.292249] Key type big_key registered
[    3.295181] Allocating IMA MOK and blacklist keyrings.
[    3.298730] Key type asymmetric registered
[    3.299989] Asymmetric key parser 'x509' registered
[    3.308914] bounce: pool size: 64 pages
[    3.311059] Block layer SCSI generic (bsg) driver version 0.4 loaded (major 249)
[    3.334706] io scheduler noop registered
[    3.335925] io scheduler deadline registered (default)
[    3.337461] io scheduler cfq registered
[    3.338941] pci_hotplug: PCI Hot Plug PCI Core version: 0.5
[    3.340622] pciehp: PCI Express Hot Plug Controller Driver version: 0.4
[    3.342654] ACPI: AC Adapter [AC] (on-line)
[    3.356704] input: Power Button as /devices/LNXSYSTM:00/LNXPWRBN:00/input/input0
[    3.410551] ACPI: Power Button [PWRF]
[    3.440259] input: Sleep Button as /devices/LNXSYSTM:00/LNXSLPBN:00/input/input1
[    3.443483] ACPI: Sleep Button [SLPF]
[    3.445723] ACPI: Battery Slot [BAT0] (battery present)
[    3.522709] GHES: HEST is not enabled!
[    3.526543] Serial: 8250/16550 driver, 32 ports, IRQ sharing enabled
[    3.592855] isapnp: Scanning for PnP cards...
[    3.719215] 00:02: ttyS0 at I/O 0x3f8 (irq = 4, base_baud = 115200) is a 16550A
[    3.729767] Linux agpgart interface v0.103
[    3.777707] loop: module loaded
[    3.799840] scsi host0: ata_piix
[    3.800861] scsi host1: ata_piix
[    3.801830] ata1: PATA max UDMA/33 cmd 0x1f0 ctl 0x3f6 bmdma 0xd000 irq 14
[    3.803411] ata2: PATA max UDMA/33 cmd 0x170 ctl 0x376 bmdma 0xd008 irq 15
[    3.808635] libphy: Fixed MDIO Bus: probed
[    3.865383] tun: Universal TUN/TAP device driver, 1.6
[    3.875492] tun: (C) 1999-2004 Max Krasnyansky <maxk@qualcomm.com>
[    3.900321] PPP generic driver version 2.4.2
[    3.901666] ehci_hcd: USB 2.0 'Enhanced' Host Controller (EHCI) Driver
[    4.042807] ehci-pci: EHCI PCI platform driver
[    4.077831] ehci-platform: EHCI generic platform driver
[    4.079249] ohci_hcd: USB 1.1 'Open' Host Controller (OHCI) Driver
[    4.153310] ohci-pci: OHCI PCI platform driver
[    4.155267] ohci-platform: OHCI generic platform driver
[    4.158691] uhci_hcd: USB Universal Host Controller Interface driver
[    4.160829] i8042: PNP: PS/2 Controller [PNP0303:PS2K,PNP0f03:PS2M] at 0x60,0x64 irq 1,12
[    4.171563] serio: i8042 KBD port at 0x60,0x64 irq 1
[    4.173810] serio: i8042 AUX port at 0x60,0x64 irq 12
[    4.177244] mousedev: PS/2 mouse device common for all mice
[    4.225870] isapnp: No Plug & Play device found
[    4.227709] input: AT Translated Set 2 keyboard as /devices/platform/i8042/serio0/input/input2
[    4.230780] rtc_cmos rtc_cmos: rtc core: registered rtc_cmos as rtc0
[    4.232560] rtc_cmos rtc_cmos: alarms up to one day, 114 bytes nvram
[    4.234244] i2c /dev entries driver
[    4.235557] device-mapper: uevent: version 1.0.3
[    4.237075] device-mapper: ioctl: 4.34.0-ioctl (2015-10-28) initialised: dm-devel@redhat.com
[    4.240048] platform eisa.0: Probing EISA bus 0
[    4.241710] platform eisa.0: EISA: Cannot allocate resource for mainboard
[    4.244662] platform eisa.0: Cannot allocate resource for EISA slot 1
[    4.246578] platform eisa.0: Cannot allocate resource for EISA slot 2
[    4.248488] platform eisa.0: Cannot allocate resource for EISA slot 3
[    4.250322] platform eisa.0: Cannot allocate resource for EISA slot 4
[    4.252349] platform eisa.0: Cannot allocate resource for EISA slot 5
[    4.254303] platform eisa.0: Cannot allocate resource for EISA slot 6
[    4.263150] tsc: Refined TSC clocksource calibration: 1800.088 MHz
[    4.264722] clocksource: tsc: mask: 0xffffffffffffffff max_cycles: 0x19f27ca8973, max_idle_ns: 440795221275 ns
[    4.267256] platform eisa.0: Cannot allocate resource for EISA slot 7
[    4.268798] platform eisa.0: Cannot allocate resource for EISA slot 8
[    4.270447] platform eisa.0: EISA: Detected 0 cards
[    4.272049] cpufreq-nforce2: No nForce2 chipset.
[    4.273794] ledtrig-cpu: registered to indicate activity on CPUs
[    4.277045] NET: Registered protocol family 10
[    4.278793] NET: Registered protocol family 17
[    4.280094] Key type dns_resolver registered
[    4.288190] Using IPI No-Shortcut mode
[    4.289900] registered taskstats version 1
[    4.292290] Loading compiled-in X.509 certificates
[    4.311141] Loaded X.509 cert 'Build time autogenerated kernel key: 8ee7231a1e42e4b4a17d0e4b95c66ffe15d3b32e'
[    4.321580] zswap: loaded using pool lzo/zbud
[    4.327405] Key type trusted registered
[    4.331785] Key type encrypted registered
[    4.333045] AppArmor: AppArmor sha1 policy hashing enabled
[    4.334571] ima: No TPM chip found, activating TPM-bypass!
[    4.336862] ima: Allocated hash algorithm: sha1
[    4.338763] evm: HMAC attrs: 0x1
[    4.340902]   Magic number: 3:35:653
[    4.342578] rtc_cmos rtc_cmos: setting system clock to 2019-01-02 22:36:33 UTC (1546468593)
[    4.346880] BIOS EDD facility v0.16 2004-Jun-25, 0 devices found
[    4.350320] EDD information not available.
[    4.352371] Freeing unused kernel memory: 952K
[    4.363755] Write protecting the kernel text: 8056k
[    4.365477] Write protecting the kernel read-only data: 3184k
[    4.367254] NX-protecting the kernel data: 6280k
Loading, please wait...
starting version 229
[    4.387400] random: udevadm: uninitialized urandom read (16 bytes read, 4 bits of entropy available)
[    4.392750] random: systemd-udevd: uninitialized urandom read (16 bytes read, 4 bits of entropy available)
[    4.398329] random: systemd-udevd: uninitialized urandom read (16 bytes read, 4 bits of entropy available)
[    4.407966] random: systemd-udevd: uninitialized urandom read (16 bytes read, 4 bits of entropy available)
[    4.433257] random: udevadm: uninitialized urandom read (16 bytes read, 4 bits of entropy available)
[    4.440357] random: udevadm: uninitialized urandom read (16 bytes read, 4 bits of entropy available)
[    4.481476] random: udevadm: uninitialized urandom read (16 bytes read, 4 bits of entropy available)
[    4.503858] random: udevadm: uninitialized urandom read (16 bytes read, 4 bits of entropy available)
[    4.535969] random: udevadm: uninitialized urandom read (16 bytes read, 4 bits of entropy available)
[    4.549611] random: udevadm: uninitialized urandom read (16 bytes read, 4 bits of entropy available)
[    4.670974] e1000: Intel(R) PRO/1000 Network Driver - version 7.3.21-k8-NAPI
[    4.709206] e1000: Copyright (c) 1999-2006 Intel Corporation.
[    4.727837] Fusion MPT base driver 3.04.20
[    4.764839] Copyright (c) 1999-2008 LSI Corporation
[    5.000744] Fusion MPT SPI Host driver 3.04.20
[    5.119281] input: ImExPS/2 Generic Explorer Mouse as /devices/platform/i8042/serio1/input/input4
[    5.405541] e1000 0000:00:03.0 eth0: (PCI:33MHz:32-bit) 02:aa:72:2e:71:d2
[    5.414629] e1000 0000:00:03.0 eth0: Intel(R) PRO/1000 Network Connection
[    5.456002] mptbase: ioc0: Initiating bringup
[    5.528565] ioc0: LSI53C1030 A0: Capabilities={Initiator}
[    5.742497] scsi host2: ioc0: LSI53C1030 A0, FwRev=00000000h, Ports=1, MaxQ=256, IRQ=20
[    5.904990] scsi 2:0:0:0: Direct-Access     VBOX     HARDDISK         1.0  PQ: 0 ANSI: 5
[    5.907735] scsi target2:0:0: Beginning Domain Validation
[    5.910913] scsi target2:0:0: Domain Validation skipping write tests
[    5.912475] scsi target2:0:0: Ending Domain Validation
[    5.913831] scsi target2:0:0: asynchronous
[    5.915710] scsi 2:0:1:0: Direct-Access     VBOX     HARDDISK         1.0  PQ: 0 ANSI: 5
[    5.917912] scsi target2:0:1: Beginning Domain Validation
[    5.920570] scsi target2:0:1: Domain Validation skipping write tests
[    5.930663] scsi target2:0:1: Ending Domain Validation
[    5.947715] scsi target2:0:1: asynchronous
[    6.184433] sd 2:0:0:0: Attached scsi generic sg0 type 0
[    6.186114] sd 2:0:0:0: [sda] 20971520 512-byte logical blocks: (10.7 GB/10.0 GiB)
[    6.188613] sd 2:0:1:0: [sdb] 20480 512-byte logical blocks: (10.5 MB/10.0 MiB)
[    6.193285] sd 2:0:1:0: Attached scsi generic sg1 type 0
[    6.198389] sd 2:0:0:0: [sda] Write Protect is off
[    6.204486] sd 2:0:0:0: [sda] Incomplete mode parameter data
[    6.206355] sd 2:0:0:0: [sda] Assuming drive cache: write through
[    6.209545] sd 2:0:1:0: [sdb] Write Protect is off
[    6.249829] sd 2:0:1:0: [sdb] Incomplete mode parameter data
[    6.251355] sd 2:0:1:0: [sdb] Assuming drive cache: write through
[    6.257851]  sda: sda1
[    6.306883] sd 2:0:1:0: [sdb] Attached SCSI disk
[    6.329000] sd 2:0:0:0: [sda] Attached SCSI disk
[    6.492407] e1000 0000:00:08.0 eth1: (PCI:33MHz:32-bit) 08:00:27:b4:9c:31
[    6.558567] e1000 0000:00:08.0 eth1: Intel(R) PRO/1000 Network Connection
[    6.647121] e1000 0000:00:03.0 enp0s3: renamed from eth0
[    6.683945] e1000 0000:00:08.0 enp0s8: renamed from eth1
Begin: Loading essential drivers ... [    8.063313] md: linear personality registered for level -1
[    8.099682] md: multipath personality registered for level -4
[    8.120020] md: raid0 personality registered for level 0
[    8.127673] md: raid1 personality registered for level 1
[    8.223951] raid6: mmxx1    gen()  3973 MB/s
[    8.291765] raid6: mmxx2    gen()  3885 MB/s
[    8.359469] raid6: sse1x1   gen()  2977 MB/s
[    8.427821] raid6: sse1x2   gen()  3496 MB/s
[    8.503763] raid6: sse2x1   gen()  3937 MB/s
[    8.579716] raid6: sse2x1   xor()  2795 MB/s
[    8.647466] raid6: sse2x2   gen()  4800 MB/s
[    8.719734] raid6: sse2x2   xor()  3103 MB/s
[    8.787556] raid6: avx2x1   gen()  8848 MB/s
[    8.855947] raid6: avx2x2   gen()  8220 MB/s
[    8.857638] raid6: using algorithm avx2x1 gen() 8848 MB/s
[    8.863503] raid6: using avx2x1 recovery algorithm
[    8.872895] xor: automatically using best checksumming function:
[    8.915520]    avx       : 12516.000 MB/sec
[    8.921460] async_tx: api initialized (async)
[    8.969077] md: raid6 personality registered for level 6
[    8.970653] md: raid5 personality registered for level 5
[    8.972182] md: raid4 personality registered for level 4
[    8.990331] md: raid10 personality registered for level 10
done.
Begin: Running /scripts/init-premount ... done.
Begin: Mounting root file system ... Begin: Running /scripts/local-top ... done.
Begin: Running /scripts/local-premount ... [    9.153084] Btrfs loaded
Scanning for Btrfs filesystems
done.
Warning: fsck not present, so skipping root file system
[    9.229061] EXT4-fs (sda1): mounted filesystem with ordered data mode. Opts: (null)
done.
Begin: Running /scripts/local-bottom ... done.
Begin: Running /scripts/init-bottom ... done.
[    9.431170] systemd[1]: systemd 229 running in system mode. (+PAM +AUDIT +SELINUX +IMA +APPARMOR +SMACK +SYSVINIT +UTMP +LIBCRYPTSETUP +GCRYPT +GNUTLS +ACL +XZ -LZ4 +SECCOMP +BLKID +ELFUTILS +KMOD -IDN)
[    9.437206] systemd[1]: Detected virtualization oracle.
[    9.439545] systemd[1]: Detected architecture x86.

Welcome to [1mUbuntu 16.04.5 LTS[0m!

[    9.459440] systemd[1]: Set hostname to <kouosl>.
[    9.823282] systemd[1]: Listening on Journal Audit Socket.
[[0;32m  OK  [0m] Listening on Journal Audit Socket.
[    9.839305] systemd[1]: Listening on Syslog Socket.
[[0;32m  OK  [0m] Listening on Syslog Socket.
[    9.848508] systemd[1]: Created slice User and Session Slice.
[[0;32m  OK  [0m] Created slice User and Session Slice.
[    9.855555] systemd[1]: Listening on Journal Socket (/dev/log).
[[0;32m  OK  [0m] Listening on Journal Socket (/dev/log).
[    9.872258] systemd[1]: Started Trigger resolvconf update for networkd DNS.
[[0;32m  OK  [0m] Started Trigger resolvconf update for networkd DNS.
[    9.886533] systemd[1]: Reached target User and Group Name Lookups.
[[0;32m  OK  [0m] Reached target User and Group Name Lookups.
[    9.893203] systemd[1]: Created slice System Slice.
[[0;32m  OK  [0m] Created slice System Slice.
[    9.902637] systemd[1]: Created slice system-serial\x2dgetty.slice.
[[0;32m  OK  [0m] Created slice system-serial\x2dgetty.slice.
[    9.908708] systemd[1]: Reached target Slices.
[[0;32m  OK  [0m] Reached target Slices.
[    9.918113] systemd[1]: Listening on udev Kernel Socket.
[[0;32m  OK  [0m] Listening on udev Kernel Socket.
[    9.935774] systemd[1]: Reached target Encrypted Volumes.
[[0;32m  OK  [0m] Reached target Encrypted Volumes.
[    9.952305] systemd[1]: Set up automount Arbitrary Executable File Formats File System Automount Point.
[[0;32m  OK  [0m] Set up automount Arbitrary Executab...ats File System Automount Point.
[    9.964043] systemd[1]: Reached target Swap.
[[0;32m  OK  [0m] Reached target Swap.
[    9.968187] systemd[1]: Started Forward Password Requests to Wall Directory Watch.
[[0;32m  OK  [0m] Started Forward Password Requests to Wall Directory Watch.
[    9.984895] systemd[1]: Listening on udev Control Socket.
[[0;32m  OK  [0m] Listening on udev Control Socket.
[    9.988947] systemd[1]: Listening on Journal Socket.
[[0;32m  OK  [0m] Listening on Journal Socket.
[    9.996002] systemd[1]: Mounting Debug File System...
         Mounting Debug File System...
[   10.023301] systemd[1]: Starting Set console keymap...
[   10.028865] random: nonblocking pool is initialized
         Starting Set console keymap...
[   10.051773] systemd[1]: Starting Remount Root and Kernel File Systems...
         Starting Remount Root and Kernel File Systems...
[   10.068666] systemd[1]: Starting Uncomplicated firewall...
         [   10.073609] EXT4-fs (sda1): re-mounted. Opts: (null)
Starting Uncomplicated firewall...
[   10.084872] systemd[1]: Mounting Huge Pages File System...
         Mounting Huge Pages File System...
[   10.106749] systemd[1]: Mounting POSIX Message Queue File System...
         Mounting POSIX Message Queue File System...
[   10.136613] systemd[1]: Starting Nameserver information manager...
         Starting Nameserver information manager...
[   10.162215] systemd[1]: Starting Create list of required static device nodes for the current kernel...
         Starting Create list of required st... nodes for the current kernel...
[   10.188095] systemd[1]: Reached target System Time Synchronized.
[[0;32m  OK  [0m] Reached target System Time Synchronized.
[   10.203644] systemd[1]: Listening on LVM2 poll daemon socket.
[[0;32m  OK  [0m] Listening on LVM2 poll daemon socket.
[   10.232330] systemd[1]: Listening on LVM2 metadata daemon socket.
[[0;32m  OK  [0m] Listening on LVM2 metadata daemon socket.
[   10.238468] systemd[1]: Listening on Device-mapper event daemon FIFOs.
[[0;32m  OK  [0m] Listening on Device-mapper event daemon FIFOs.
[   10.247027] systemd[1]: Starting Monitoring of LVM2 mirrors, snapshots etc. using dmeventd or progress polling...
         Starting Monitoring of LVM2 mirrors... dmeventd or progress polling...
[   10.263228] systemd[1]: Starting Journal Service...
         Starting Journal Service...
[   10.287767] systemd[1]: Listening on /dev/initctl Compatibility Named Pipe.
[[0;32m  OK  [0m] Listening on /dev/initctl Compatibility Named Pipe.
[   10.301496] systemd[1]: Starting Load Kernel Modules...
         Starting Load Kernel Modules...
[   10.315401] systemd[1]: Mounted Huge Pages File System.
[[0;32m  OK  [0m] Mounted Huge Pages File System.
[   10.323285] systemd[1]: Mounted Debug File System.
[[0;32m  OK  [0m] Mounted Debug File System.
[   10.335669] systemd[1]: Mounted POSIX Message Queue File System.
[[0;32m  OK  [0m] Mounted POSIX Message Queue File System.
[   10.346588] systemd[1]: Started Set console keymap.
[   10.353190] Loading iSCSI transport class v2.0-870.
[[0;32m  OK  [0m] Started Set console keymap.
[   10.361327] systemd[1]: Started Remount Root and Kernel File Systems.
[[0;32m  OK  [0m] Started Remount Root and Kernel File Systems.
[   10.370590] systemd[1]: Started Uncomplicated firewall.
[[0;32m  OK  [0m] Started Uncomplicated firewall.
[   10.385978] systemd[1]: Started Create list of required static device nodes for the current kernel.
[[0;32m  OK  [0m] Started Create list of required sta...ce nodes for the current kernel.
[   10.417651] systemd[1]: Started Journal Service.
[[0;32m  OK  [0m] Started Journal [   10.433392] iscsi: registered transport (tcp)
Service.
[[0;32m  OK  [0m] Started Nameserver information manager.
[   10.672849] iscsi: registered transport (iser)
[[0;32m  OK  [0m] Started Load Kernel Modules.
         Mounting FUSE Control File System...
         Starting Apply Kernel Variables...
[[0;32m  OK  [0m] Started LVM2 metadata daemon.
         Starting Create Static Device Nodes in /dev...
         Starting udev Coldplug all Devices...
         Starting Flush Journal to Persistent Storage...
         Starting Load/Save Random Seed...
[[0;32m  OK  [0m] Mounted FUSE Control File System.
[[0;32m  OK  [0m] Started Apply Kernel Variables.
[[0;32m  OK  [0m] Started Create Static Device Nodes in /dev.
[[0;32m  OK  [0m] Started Load/Save Random Seed.
[[0;32m  OK  [0m] Started udev Coldplug all Devices.
[[0;32m  OK  [0m] Started Flush Journal to Persistent Storage.
         Starting udev Kernel Device Manager...
[[0;32m  OK  [0m] Started udev Kernel Device Manager.
[[0;32m  OK  [0m] Started Dispatch Password Requests to Console Directory Watch.
[[0;32m  OK  [0m] Started Monitoring of LVM2 mirrors,...ng dmeventd or progress polling.
[[0;32m  OK  [0m] Reached target Local File Systems (Pre).
[[0;32m  OK  [0m] Reached target Local File Systems.
         Starting LSB: AppArmor initialization...
         Starting Initial cloud-init job (pre-networking)...
         Starting Create Volatile Files and Directories...
         Starting Set console font and keymap...
         Starting Tell Plymouth To Write Out Runtime Data...
[[0;32m  OK  [0m] Started Tell Plymouth To Write Out Runtime Data.
[[0;32m  OK  [0m] Started Create Volatile Files and Directories.
         Starting Update UTMP about System Boot/Shutdown...
[[0;32m  OK  [0m] Started Update UTMP about System Boot/Shutdown.
[[0;32m  OK  [0m] Started LSB: AppArmor initialization.
[[0;32m  OK  [0m] Found device /dev/ttyS0.
[[0;32m  OK  [0m] Found device 82540EM Gigabit Ethern...r (PRO/1000 MT Desktop Adapter).
[[0;32m  OK  [0m] Found device 82540EM Gigabit Ethern...r (PRO/1000 MT Desktop Adapter).
[[0;32m  OK  [0m] Listening on Load/Save RF Kill Switch Status /dev/rfkill Watch.
[[0;32m  OK  [0m] Started Set console font and keymap.
[[0;32m  OK  [0m] Created slice system-getty.slice.
[   13.301956] cloud-init[487]: Cloud-init v. 18.4-0ubuntu1~16.04.2 running 'init-local' at Wed, 02 Jan 2019 22:36:43 +0000. Up 12.43 seconds.
[[0;32m  OK  [0m] Started Initial cloud-init job (pre-networking).
[[0;32m  OK  [0m] Reached target Network (Pre).
         Starting Raise network interfaces...
[[0;32m  OK  [0m] Started ifup for enp0s8.
[[0;32m  OK  [0m] Started ifup for enp0s3.
[[0;32m  OK  [0m] Started Raise network interfaces.
         Starting Initial cloud-init job (metadata service crawler)...
[[0;32m  OK  [0m] Reached target Network.
[   15.588966] cloud-init[1071]: Cloud-init v. 18.4-0ubuntu1~16.04.2 running 'init' at Wed, 02 Jan 2019 22:36:46 +0000. Up 14.73 seconds.
[   15.601290] cloud-init[1071]: ci-info: ++++++++++++++++++++++++++++++++++++++Net device info+++++++++++++++++++++++++++++++++++++++
[   15.616700] cloud-init[1071]: ci-info: +--------+------+-----------------------------+---------------+--------+-------------------+
[   15.642210] cloud-init[1071]: ci-info: | Device |  Up  |           Address           |      Mask     | Scope  |     Hw-Address    |
[   15.654396] cloud-init[1071]: ci-info: +--------+------+-----------------------------+---------------+--------+-------------------+
[   15.664642] cloud-init[1071]: ci-info: | enp0s3 | True |          10.0.2.15          | 255.255.255.0 | global | 02:aa:72:2e:71:d2 |
[   15.676879] cloud-init[1071]: ci-info: | enp0s3 | True |  fe80::aa:72ff:fe2e:71d2/64 |       .       |  link  | 02:aa:72:2e:71:d2 |
[   15.689152] cloud-init[1071]: ci-info: | enp0s8 | True |        192.168.83.137       | 255.255.255.0 | global | 08:00:27:b4:9c:31 |
[   15.697088] cloud-init[1071]: ci-info: | enp0s8 | True | fe80::a00:27ff:feb4:9c31/64 |       .       |  link  | 08:00:27:b4:9c:31 |
[   15.709062] cloud-init[1071]: ci-info: |   lo   | True |          127.0.0.1          |   255.0.0.0   |  host  |         .         |
[   15.716900] cloud-init[1071]: ci-info: |   lo   | True |           ::1/128           |       .       |  host  |         .         |
[   15.733290] cloud-init[1071]: ci-info: +--------+------+-----------------------------+---------------+--------+-------------------+
[   15.745155] cloud-init[1071]: ci-info: ++++++++++++++++++++++++++++Route IPv4 info++++++++++++++++++++++++++++
[   15.757327] cloud-init[1071]: ci-info: +-------+--------------+----------+---------------+-----------+-------+[[0;32m  OK  [0m] Started Initial cloud-init job (metadata service crawler).
[[0;32m  OK  [0m] 
[   15.770595] cloud-initReached target Cloud-config availability.
[[0;32m  OK  [0m] Reached target Network is Online.
         Starting iSCSI initiator daemon (iscsid)...[1071]: ci-info: | Route | Destination  | Gateway  |    Genmask    | Interface | Flags |
[   15.783750] cloud-init[1071]: ci-info: +-------+--------------+----------+---------------+-----------+-------+
[[0;32m  OK  [0m] Reached target System Initialization.
[[0;32m  OK  [0m] Listening on UUID daemon activation socket.
[[0;32m  OK  [0m] Listening on D-Bus System Message Bus Socket.
         Starting Socket activation for snappy daemon.

         Starting LXD - unix socket.
[   15.816555] cloud-init[[0;32m  OK  [0m] Started ACPI Events Check.[1071]: ci-info: |   0   |   0.0.0.0    | 10.0.2.2 |    0.0.0.0    |   enp0s3  |   UG  |
[[0;32m  OK  [0m] Reached target Paths.
[   15.838305] cloud-init[1071]: ci-info: |   1   |   10.0.2.0   | 0.0.0.0  | 255.255.255.0 |   enp0s3  |   U   |

[   15.847367] [[0;32m  OK  [0m] Started Daily apt download activities.
[[0;32m  OK  [0m] Started Daily apt upgrade and clean activities.
[[0;32m  OK  [0m] Listening on ACPID Listen Socket.
[[0;32m  OK  [0m] Started Daily Cleanup of Temporary Directories.
[[0;32m  OK  [0m] Reached target Timers.
cloud-init[1071]: ci-info: |   2   | 192.168.83.0 | 0.0.0.0  | 255.255.255.0 |   enp0s8  |   U   |
[   15.871237] cloud-init[1071]: ci-info: +-------+--------------+----------+---------------+-----------+-------+
[   15.880542] cloud-init[1071]: ci-info: +++++++++++++++++++Route IPv6 info+++++++++++++++++++[[0;32m  OK  [0m] Listening on Socket activation for snappy daemon.
[[0;32m  OK  [0m] Listening on LXD - unix socket.

[   15.910503] cloud-init[[1071]: [0;32m  OK  [0m] Started iSCSI initiator daemon (iscsid).
ci-info: +-------+-------------+---------+-----------+-------+
[   15.933871] cloud-init[1071]: ci-info: | Route | Destination | Gateway | Interface | Flags |
[   15.964803] cloud-init[1071]: ci-info: +-------+-------------+---------+-----------+-------+
[   15.975736] cloud-init[1071]: ci-info: |   0   |  fe80::/64  |    ::   |   enp0s8  |   U   |
[   15.981858] cloud-init[1071]: ci-info: |   1   |  fe80::/64  |    ::   |   enp0s3  |   U   |
[   15.995473] cloud-init[1071]: ci-info: |   4   |   ff00::/8  |    ::   |   enp0s8  |   U   |
[   16.003797] cloud-init[1071]: ci-info: |   5   |   ff00::/8  |    ::   |   enp0s3  |   U   |
         [   16.016697] cloud-init[1071]: ci-info: +-------+-------------+---------+-----------+-------+Starting Login to default iSCSI targets...
[[0;32m  OK  [0m] Reached target Sockets.

[[0;32m  OK  [0m] Reached target Basic System.
         Starting Accounts Service...
         Starting System Logging Service...
[[0;32m  OK  [0m] Started ACPI event daemon.
[[0;32m  OK  [0m] Started FUSE filesystem for LXC.
[[0;32m  OK  [0m] Started Unattended Upgrades Shutdown.
         Starting /etc/rc.local Compatibility...
[[0;32m  OK  [0m] Started D-Bus System Message Bus.
         Starting LSB: MD monitoring daemon...
         Starting OpenBSD Secure Shell server...
         Starting Snappy daemon...
         Starting Virtualbox guest utils...
         Starting LXD - container startup/shutdown...
[[0;32m  OK  [0m] Started Deferred execution scheduler.
         Starting LSB: Record successful boot for GRUB...
         Starting Login Service...
[[0;32m  OK  [0m] Started Regular background program processing daemon.
[[0;32m  OK  [0m] Started System Logging Service.
[[0;32m  OK  [0m] Started /etc/rc.local Compatibility.
[[0;32m  OK  [0m] Started Login to default iSCSI targets.
[[0;32m  OK  [0m] Started OpenBSD Secure Shell server.
[[0;32m  OK  [0m] Started LXD - container startup/shutdown.
[[0;32m  OK  [0m] Started LSB: Record successful boot for GRUB.
[[0;32m  OK  [0m] Started Snappy daemon.
[[0;32m  OK  [0m] Started Login Service.
         Starting Authenticate and Authorize Users to Run Privileged Tasks...
         Starting Wait until snapd is fully seeded...
[[0;32m  OK  [0m] Reached target Remote File Systems (Pre).
[[0;32m  OK  [0m] Reached target Remote File Systems.
         Starting LSB: Set the CPU Frequency Scaling governor to "ondemand"...
         Starting LSB: Apache2 web server...
         Starting LSB: automatic crash report generation...
         Starting LSB: daemon to balance interrupts for SMP systems...
         Starting LSB: Start and stop the mysql database server daemon...
         Starting Permit User Sessions...
[[0;32m  OK  [0m] Started LSB: MD monitoring daemon.
[[0;32m  OK  [0m] Started Virtualbox guest utils.
[[0;32m  OK  [0m] Started Permit User Sessions.
[[0;32m  OK  [0m] Started Wait until snapd is fully seeded.
[[0;32m  OK  [0m] Started Authenticate and Authorize Users to Run Privileged Tasks.
[[0;32m  OK  [0m] Started Accounts Service.
[[0;32m  OK  [0m] Started LSB: Set the CPU Frequency Scaling governor to "ondemand".
[[0;32m  OK  [0m] Created slice User Slice of vagrant.
[[0;32m  OK  [0m] Started Session 1 of user vagrant.
         Starting User Manager for UID 1000...
         Starting Apply the settings specified in cloud-config...
         Starting Terminate Plymouth Boot Screen...
         Starting Hold until boot process finishes up...
[[0;32m  OK  [0m] Started Terminate Plymouth Boot Screen.
[[0;32m  OK  [0m] Started Hold until boot process finishes up.
[[0;32m  OK  [0m] Started User Manager for UID 1000.
[[0;32m  OK  [0m] Started LSB: daemon to balance interrupts for SMP systems.
[[0;32m  OK  [0m] Started LSB: automatic crash report generation.
         Starting Set console scheme...
[[0;32m  OK  [0m] Started Getty on tty1.
[[0;32m  OK  [0m] Started Serial Getty on ttyS0.
[[0;32m  OK  [0m] Reached target Login Prompts.
[[0;32m  OK  [0m] Started Set console scheme.
[[0;32m  OK  [0m] Started LSB: Apache2 web server.
[[0;32m  OK  [0m] Started LSB: Start and stop the mysql database server daemon.
[[0;32m  OK  [0m] Reached target Multi-User System.
[[0;32m  OK  [0m] Reached target Graphical Interface.
         Starting Update UTMP about System Runlevel Changes...
[[0;32m  OK  [0m] Started Update UTMP about System Runlevel Changes.
[   22.519117] cloud-init[1336]: Cloud-init v. 18.4-0ubuntu1~16.04.2 running 'modules:config' at Wed, 02 Jan 2019 22:36:53 +0000. Up 21.73 seconds.
[[0;32m  OK  [0m] Started Apply the settings specified in cloud-config.
         Starting Execute cloud user/final scripts...

Ubuntu 16.04.5 LTS kouosl ttyS0

kouosl login: [   24.411943] cloud-init[1923]: Cloud-init v. 18.4-0ubuntu1~16.04.2 running 'modules:final' at Wed, 02 Jan 2019 22:36:55 +0000. Up 24.03 seconds.
[   24.414582] cloud-init[1923]: Cloud-init v. 18.4-0ubuntu1~16.04.2 finished at Wed, 02 Jan 2019 22:36:55 +0000. Datasource DataSourceNoCloud [seed=/dev/sdb][dsmode=net].  Up 24.39 seconds
